<?xml version="1.0" encoding="UTF-8"?>
<TestRun id="c4bc9d1d-3566-4915-8584-03b0b7898d7b" name="rNdm@RNDM-PC 2014-07-31 19:32:49" runUser="RNDM-PC\rNdm" xmlns="http://microsoft.com/schemas/VisualStudio/TeamTest/2006">
  <TestRunConfiguration name="Local Test Run" id="40aa7b33-5a90-4002-88c6-e356e58f2b73">
    <Description>This is a default test run configuration for a local test run.</Description>
    <Deployment userDeploymentRoot="C:\Users\rNdm\Documents\Work\ADS\charlal1_stack_queue\TestResults" useDefaultDeploymentRoot="false" runDeploymentRoot="C:\Users\rNdm\Documents\Work\ADS\charlal1_stack_queue\TestResults\rNdm_RNDM-PC 2014-07-31 19_32_49" />
    <TestTypeSpecific />
  </TestRunConfiguration>
  <ResultSummary outcome="Completed">
    <Counters total="14" executed="14" passed="14" error="0" failed="0" timeout="0" aborted="0" inconclusive="0" passedButRunAborted="0" notRunnable="0" notExecuted="0" disconnected="0" warning="0" completed="0" inProgress="0" pending="0" />
  </ResultSummary>
  <Times creation="2014-07-31T19:32:49.8493871+12:00" queuing="2014-07-31T19:32:49.9323892+12:00" start="2014-07-31T19:32:49.9453959+12:00" finish="2014-07-31T19:32:49.9803933+12:00" />
  <TestDefinitions>
    <UnitTest name="TestPushChar" storage="c:\users\rndm\documents\work\ads\charlal1_stack_queue\debug\charlal1_stack_queue_tests.dll" id="73a2d7e4-79e2-9df1-b2b9-d29b68bfc94d">
      <Css projectStructure="" iteration="" />
      <Owners>
        <Owner name="" />
      </Owners>
      <Execution id="c5bd779b-a2be-4694-a02f-440020e25406" />
      <TestMethod codeBase="C:\Users\rNdm\Documents\Work\ADS\charlal1_stack_queue\Debug\charlal1_stack_queue_tests.dll" adapterTypeName="Microsoft.VisualStudio.TestTools.TestTypes.Unit.UnitTestAdapter, Microsoft.VisualStudio.QualityTools.Tips.UnitTest.Adapter, Version=9.0.0.0, Culture=neutral, PublicKeyToken=b03f5f7f11d50a3a" className="charlal1_stack_queue_tests.charlal1_stack_queue_tests, charlal1_stack_queue_tests" name="TestPushChar" />
    </UnitTest>
    <UnitTest name="TestIsEmptyChar" storage="c:\users\rndm\documents\work\ads\charlal1_stack_queue\debug\charlal1_stack_queue_tests.dll" id="28231a6d-bd50-80ff-4cd0-545f89e3b7f7">
      <Css projectStructure="" iteration="" />
      <Owners>
        <Owner name="" />
      </Owners>
      <Execution id="d0627d81-658d-47bd-84b5-2a5d017f2fcd" />
      <TestMethod codeBase="C:\Users\rNdm\Documents\Work\ADS\charlal1_stack_queue\Debug\charlal1_stack_queue_tests.dll" adapterTypeName="Microsoft.VisualStudio.TestTools.TestTypes.Unit.UnitTestAdapter, Microsoft.VisualStudio.QualityTools.Tips.UnitTest.Adapter, Version=9.0.0.0, Culture=neutral, PublicKeyToken=b03f5f7f11d50a3a" className="charlal1_stack_queue_tests.charlal1_stack_queue_tests, charlal1_stack_queue_tests" name="TestIsEmptyChar" />
    </UnitTest>
    <UnitTest name="TestIsEmptyInt" storage="c:\users\rndm\documents\work\ads\charlal1_stack_queue\debug\charlal1_stack_queue_tests.dll" id="11d01656-8e59-8b73-af77-de97973b15b7">
      <Css projectStructure="" iteration="" />
      <Owners>
        <Owner name="" />
      </Owners>
      <Execution id="6c92f668-c537-439d-9789-a0ded533e0a0" />
      <TestMethod codeBase="C:\Users\rNdm\Documents\Work\ADS\charlal1_stack_queue\Debug\charlal1_stack_queue_tests.dll" adapterTypeName="Microsoft.VisualStudio.TestTools.TestTypes.Unit.UnitTestAdapter, Microsoft.VisualStudio.QualityTools.Tips.UnitTest.Adapter, Version=9.0.0.0, Culture=neutral, PublicKeyToken=b03f5f7f11d50a3a" className="charlal1_stack_queue_tests.charlal1_stack_queue_tests, charlal1_stack_queue_tests" name="TestIsEmptyInt" />
    </UnitTest>
    <UnitTest name="TestPeekChar" storage="c:\users\rndm\documents\work\ads\charlal1_stack_queue\debug\charlal1_stack_queue_tests.dll" id="5175cacb-7d6e-b4fb-ceb0-ab0ec9144512">
      <Css projectStructure="" iteration="" />
      <Owners>
        <Owner name="" />
      </Owners>
      <Execution id="f14a3794-d702-4728-9c49-b6746f281f65" />
      <TestMethod codeBase="C:\Users\rNdm\Documents\Work\ADS\charlal1_stack_queue\Debug\charlal1_stack_queue_tests.dll" adapterTypeName="Microsoft.VisualStudio.TestTools.TestTypes.Unit.UnitTestAdapter, Microsoft.VisualStudio.QualityTools.Tips.UnitTest.Adapter, Version=9.0.0.0, Culture=neutral, PublicKeyToken=b03f5f7f11d50a3a" className="charlal1_stack_queue_tests.charlal1_stack_queue_tests, charlal1_stack_queue_tests" name="TestPeekChar" />
    </UnitTest>
    <UnitTest name="TestPopEmptyQueue" storage="c:\users\rndm\documents\work\ads\charlal1_stack_queue\debug\charlal1_stack_queue_tests.dll" id="64a138f5-10ca-e41d-bd03-de51f4c672a8">
      <Css projectStructure="" iteration="" />
      <Owners>
        <Owner name="" />
      </Owners>
      <Execution id="cd57488b-19ea-4e1c-b1f5-07df51a39b52" />
      <TestMethod codeBase="C:\Users\rNdm\Documents\Work\ADS\charlal1_stack_queue\Debug\charlal1_stack_queue_tests.dll" adapterTypeName="Microsoft.VisualStudio.TestTools.TestTypes.Unit.UnitTestAdapter, Microsoft.VisualStudio.QualityTools.Tips.UnitTest.Adapter, Version=9.0.0.0, Culture=neutral, PublicKeyToken=b03f5f7f11d50a3a" className="charlal1_stack_queue_tests.charlal1_stack_queue_tests, charlal1_stack_queue_tests" name="TestPopEmptyQueue" />
    </UnitTest>
    <UnitTest name="TestCountChar" storage="c:\users\rndm\documents\work\ads\charlal1_stack_queue\debug\charlal1_stack_queue_tests.dll" id="df445820-7665-d38d-2964-6a4f57a9e0ee">
      <Css projectStructure="" iteration="" />
      <Owners>
        <Owner name="" />
      </Owners>
      <Execution id="3e0f0ffb-4771-4081-a027-5c6e027229e1" />
      <TestMethod codeBase="C:\Users\rNdm\Documents\Work\ADS\charlal1_stack_queue\Debug\charlal1_stack_queue_tests.dll" adapterTypeName="Microsoft.VisualStudio.TestTools.TestTypes.Unit.UnitTestAdapter, Microsoft.VisualStudio.QualityTools.Tips.UnitTest.Adapter, Version=9.0.0.0, Culture=neutral, PublicKeyToken=b03f5f7f11d50a3a" className="charlal1_stack_queue_tests.charlal1_stack_queue_tests, charlal1_stack_queue_tests" name="TestCountChar" />
    </UnitTest>
    <UnitTest name="TestPeekEmptyStack" storage="c:\users\rndm\documents\work\ads\charlal1_stack_queue\debug\charlal1_stack_queue_tests.dll" id="7626aa0b-cdf7-5eb5-2d7b-a6d0db790b30">
      <Css projectStructure="" iteration="" />
      <Owners>
        <Owner name="" />
      </Owners>
      <Execution id="bf506eec-3ee8-4bc4-ab95-bb9b45dc8d6f" />
      <TestMethod codeBase="C:\Users\rNdm\Documents\Work\ADS\charlal1_stack_queue\Debug\charlal1_stack_queue_tests.dll" adapterTypeName="Microsoft.VisualStudio.TestTools.TestTypes.Unit.UnitTestAdapter, Microsoft.VisualStudio.QualityTools.Tips.UnitTest.Adapter, Version=9.0.0.0, Culture=neutral, PublicKeyToken=b03f5f7f11d50a3a" className="charlal1_stack_queue_tests.charlal1_stack_queue_tests, charlal1_stack_queue_tests" name="TestPeekEmptyStack" />
    </UnitTest>
    <UnitTest name="TestPopChar" storage="c:\users\rndm\documents\work\ads\charlal1_stack_queue\debug\charlal1_stack_queue_tests.dll" id="18a026e3-bf33-a0ce-2908-3e3207099e1f">
      <Css projectStructure="" iteration="" />
      <Owners>
        <Owner name="" />
      </Owners>
      <Execution id="eeeb285c-b6f8-4633-bddd-d1d1086f43ff" />
      <TestMethod codeBase="C:\Users\rNdm\Documents\Work\ADS\charlal1_stack_queue\Debug\charlal1_stack_queue_tests.dll" adapterTypeName="Microsoft.VisualStudio.TestTools.TestTypes.Unit.UnitTestAdapter, Microsoft.VisualStudio.QualityTools.Tips.UnitTest.Adapter, Version=9.0.0.0, Culture=neutral, PublicKeyToken=b03f5f7f11d50a3a" className="charlal1_stack_queue_tests.charlal1_stack_queue_tests, charlal1_stack_queue_tests" name="TestPopChar" />
    </UnitTest>
    <UnitTest name="TestPeekEmptyQueue" storage="c:\users\rndm\documents\work\ads\charlal1_stack_queue\debug\charlal1_stack_queue_tests.dll" id="9906b38d-d305-56a6-6e10-87218cbd04ea">
      <Css projectStructure="" iteration="" />
      <Owners>
        <Owner name="" />
      </Owners>
      <Execution id="ea73d0b6-36fe-4b3c-ac24-5b66afeada59" />
      <TestMethod codeBase="C:\Users\rNdm\Documents\Work\ADS\charlal1_stack_queue\Debug\charlal1_stack_queue_tests.dll" adapterTypeName="Microsoft.VisualStudio.TestTools.TestTypes.Unit.UnitTestAdapter, Microsoft.VisualStudio.QualityTools.Tips.UnitTest.Adapter, Version=9.0.0.0, Culture=neutral, PublicKeyToken=b03f5f7f11d50a3a" className="charlal1_stack_queue_tests.charlal1_stack_queue_tests, charlal1_stack_queue_tests" name="TestPeekEmptyQueue" />
    </UnitTest>
    <UnitTest name="TestPushInt" storage="c:\users\rndm\documents\work\ads\charlal1_stack_queue\debug\charlal1_stack_queue_tests.dll" id="58be1d8d-2a83-88b5-a750-ffb624ed73da">
      <Css projectStructure="" iteration="" />
      <Owners>
        <Owner name="" />
      </Owners>
      <Execution id="3e4aa23c-9039-4462-8641-2f51d3ad1b08" />
      <TestMethod codeBase="C:\Users\rNdm\Documents\Work\ADS\charlal1_stack_queue\Debug\charlal1_stack_queue_tests.dll" adapterTypeName="Microsoft.VisualStudio.TestTools.TestTypes.Unit.UnitTestAdapter, Microsoft.VisualStudio.QualityTools.Tips.UnitTest.Adapter, Version=9.0.0.0, Culture=neutral, PublicKeyToken=b03f5f7f11d50a3a" className="charlal1_stack_queue_tests.charlal1_stack_queue_tests, charlal1_stack_queue_tests" name="TestPushInt" />
    </UnitTest>
    <UnitTest name="TestCountInt" storage="c:\users\rndm\documents\work\ads\charlal1_stack_queue\debug\charlal1_stack_queue_tests.dll" id="8599b3a5-2107-d57b-5c74-0248aeda468a">
      <Css projectStructure="" iteration="" />
      <Owners>
        <Owner name="" />
      </Owners>
      <Execution id="b612cee0-9015-4cf0-b8c3-d5645d420923" />
      <TestMethod codeBase="C:\Users\rNdm\Documents\Work\ADS\charlal1_stack_queue\Debug\charlal1_stack_queue_tests.dll" adapterTypeName="Microsoft.VisualStudio.TestTools.TestTypes.Unit.UnitTestAdapter, Microsoft.VisualStudio.QualityTools.Tips.UnitTest.Adapter, Version=9.0.0.0, Culture=neutral, PublicKeyToken=b03f5f7f11d50a3a" className="charlal1_stack_queue_tests.charlal1_stack_queue_tests, charlal1_stack_queue_tests" name="TestCountInt" />
    </UnitTest>
    <UnitTest name="TestPopEmptyStack" storage="c:\users\rndm\documents\work\ads\charlal1_stack_queue\debug\charlal1_stack_queue_tests.dll" id="0ff663e1-49f9-db67-9ad6-55b58d961dc0">
      <Css projectStructure="" iteration="" />
      <Owners>
        <Owner name="" />
      </Owners>
      <Execution id="952b3a2a-03ee-4398-9b89-bdbf196eeb7a" />
      <TestMethod codeBase="C:\Users\rNdm\Documents\Work\ADS\charlal1_stack_queue\Debug\charlal1_stack_queue_tests.dll" adapterTypeName="Microsoft.VisualStudio.TestTools.TestTypes.Unit.UnitTestAdapter, Microsoft.VisualStudio.QualityTools.Tips.UnitTest.Adapter, Version=9.0.0.0, Culture=neutral, PublicKeyToken=b03f5f7f11d50a3a" className="charlal1_stack_queue_tests.charlal1_stack_queue_tests, charlal1_stack_queue_tests" name="TestPopEmptyStack" />
    </UnitTest>
    <UnitTest name="TestPeekInt" storage="c:\users\rndm\documents\work\ads\charlal1_stack_queue\debug\charlal1_stack_queue_tests.dll" id="896ecce8-1a1b-117f-2b97-202ca471a898">
      <Css projectStructure="" iteration="" />
      <Owners>
        <Owner name="" />
      </Owners>
      <Execution id="5235767f-661b-47f2-ae3d-b56f74353bc5" />
      <TestMethod codeBase="C:\Users\rNdm\Documents\Work\ADS\charlal1_stack_queue\Debug\charlal1_stack_queue_tests.dll" adapterTypeName="Microsoft.VisualStudio.TestTools.TestTypes.Unit.UnitTestAdapter, Microsoft.VisualStudio.QualityTools.Tips.UnitTest.Adapter, Version=9.0.0.0, Culture=neutral, PublicKeyToken=b03f5f7f11d50a3a" className="charlal1_stack_queue_tests.charlal1_stack_queue_tests, charlal1_stack_queue_tests" name="TestPeekInt" />
    </UnitTest>
    <UnitTest name="TestPopInt" storage="c:\users\rndm\documents\work\ads\charlal1_stack_queue\debug\charlal1_stack_queue_tests.dll" id="2dcafd1a-ff65-48e2-075f-b3303e1d4d5c">
      <Css projectStructure="" iteration="" />
      <Owners>
        <Owner name="" />
      </Owners>
      <Execution id="3f5fb1d1-1c06-43a7-a7cb-e1d924518e47" />
      <TestMethod codeBase="C:\Users\rNdm\Documents\Work\ADS\charlal1_stack_queue\Debug\charlal1_stack_queue_tests.dll" adapterTypeName="Microsoft.VisualStudio.TestTools.TestTypes.Unit.UnitTestAdapter, Microsoft.VisualStudio.QualityTools.Tips.UnitTest.Adapter, Version=9.0.0.0, Culture=neutral, PublicKeyToken=b03f5f7f11d50a3a" className="charlal1_stack_queue_tests.charlal1_stack_queue_tests, charlal1_stack_queue_tests" name="TestPopInt" />
    </UnitTest>
  </TestDefinitions>
  <TestLists>
    <TestList name="Results Not in a List" id="8c84fa94-04c1-424b-9868-57a2d4851a1d" />
    <TestList name="All Loaded Results" id="19431567-8539-422a-85d7-44ee4e166bda" />
  </TestLists>
  <TestEntries>
    <TestEntry testId="0ff663e1-49f9-db67-9ad6-55b58d961dc0" executionId="952b3a2a-03ee-4398-9b89-bdbf196eeb7a" testListId="8c84fa94-04c1-424b-9868-57a2d4851a1d" />
    <TestEntry testId="11d01656-8e59-8b73-af77-de97973b15b7" executionId="6c92f668-c537-439d-9789-a0ded533e0a0" testListId="8c84fa94-04c1-424b-9868-57a2d4851a1d" />
    <TestEntry testId="18a026e3-bf33-a0ce-2908-3e3207099e1f" executionId="eeeb285c-b6f8-4633-bddd-d1d1086f43ff" testListId="8c84fa94-04c1-424b-9868-57a2d4851a1d" />
    <TestEntry testId="28231a6d-bd50-80ff-4cd0-545f89e3b7f7" executionId="d0627d81-658d-47bd-84b5-2a5d017f2fcd" testListId="8c84fa94-04c1-424b-9868-57a2d4851a1d" />
    <TestEntry testId="2dcafd1a-ff65-48e2-075f-b3303e1d4d5c" executionId="3f5fb1d1-1c06-43a7-a7cb-e1d924518e47" testListId="8c84fa94-04c1-424b-9868-57a2d4851a1d" />
    <TestEntry testId="5175cacb-7d6e-b4fb-ceb0-ab0ec9144512" executionId="f14a3794-d702-4728-9c49-b6746f281f65" testListId="8c84fa94-04c1-424b-9868-57a2d4851a1d" />
    <TestEntry testId="58be1d8d-2a83-88b5-a750-ffb624ed73da" executionId="3e4aa23c-9039-4462-8641-2f51d3ad1b08" testListId="8c84fa94-04c1-424b-9868-57a2d4851a1d" />
    <TestEntry testId="64a138f5-10ca-e41d-bd03-de51f4c672a8" executionId="cd57488b-19ea-4e1c-b1f5-07df51a39b52" testListId="8c84fa94-04c1-424b-9868-57a2d4851a1d" />
    <TestEntry testId="73a2d7e4-79e2-9df1-b2b9-d29b68bfc94d" executionId="c5bd779b-a2be-4694-a02f-440020e25406" testListId="8c84fa94-04c1-424b-9868-57a2d4851a1d" />
    <TestEntry testId="7626aa0b-cdf7-5eb5-2d7b-a6d0db790b30" executionId="bf506eec-3ee8-4bc4-ab95-bb9b45dc8d6f" testListId="8c84fa94-04c1-424b-9868-57a2d4851a1d" />
    <TestEntry testId="8599b3a5-2107-d57b-5c74-0248aeda468a" executionId="b612cee0-9015-4cf0-b8c3-d5645d420923" testListId="8c84fa94-04c1-424b-9868-57a2d4851a1d" />
    <TestEntry testId="896ecce8-1a1b-117f-2b97-202ca471a898" executionId="5235767f-661b-47f2-ae3d-b56f74353bc5" testListId="8c84fa94-04c1-424b-9868-57a2d4851a1d" />
    <TestEntry testId="9906b38d-d305-56a6-6e10-87218cbd04ea" executionId="ea73d0b6-36fe-4b3c-ac24-5b66afeada59" testListId="8c84fa94-04c1-424b-9868-57a2d4851a1d" />
    <TestEntry testId="df445820-7665-d38d-2964-6a4f57a9e0ee" executionId="3e0f0ffb-4771-4081-a027-5c6e027229e1" testListId="8c84fa94-04c1-424b-9868-57a2d4851a1d" />
  </TestEntries>
  <Results>
    <UnitTestResult executionId="952b3a2a-03ee-4398-9b89-bdbf196eeb7a" testId="0ff663e1-49f9-db67-9ad6-55b58d961dc0" testName="TestPopEmptyStack" computerName="RNDM-PC" duration="00:00:00.0011044" startTime="2014-07-31T19:32:49.9453959+12:00" endTime="2014-07-31T19:32:49.9633918+12:00" testType="13cdc9d9-ddb5-4fa4-a97d-d965ccfc6d4b" outcome="Passed" testListId="8c84fa94-04c1-424b-9868-57a2d4851a1d">
      <Output>
      </Output>
    </UnitTestResult>
    <UnitTestResult executionId="6c92f668-c537-439d-9789-a0ded533e0a0" testId="11d01656-8e59-8b73-af77-de97973b15b7" testName="TestIsEmptyInt" computerName="RNDM-PC" duration="00:00:00.0002211" startTime="2014-07-31T19:32:49.9633918+12:00" endTime="2014-07-31T19:32:49.9643963+12:00" testType="13cdc9d9-ddb5-4fa4-a97d-d965ccfc6d4b" outcome="Passed" testListId="8c84fa94-04c1-424b-9868-57a2d4851a1d">
      <Output>
      </Output>
    </UnitTestResult>
    <UnitTestResult executionId="eeeb285c-b6f8-4633-bddd-d1d1086f43ff" testId="18a026e3-bf33-a0ce-2908-3e3207099e1f" testName="TestPopChar" computerName="RNDM-PC" duration="00:00:00.0005935" startTime="2014-07-31T19:32:49.9643963+12:00" endTime="2014-07-31T19:32:49.9653976+12:00" testType="13cdc9d9-ddb5-4fa4-a97d-d965ccfc6d4b" outcome="Passed" testListId="8c84fa94-04c1-424b-9868-57a2d4851a1d">
      <Output>
      </Output>
    </UnitTestResult>
    <UnitTestResult executionId="d0627d81-658d-47bd-84b5-2a5d017f2fcd" testId="28231a6d-bd50-80ff-4cd0-545f89e3b7f7" testName="TestIsEmptyChar" computerName="RNDM-PC" duration="00:00:00.0001287" startTime="2014-07-31T19:32:49.9663974+12:00" endTime="2014-07-31T19:32:49.9673979+12:00" testType="13cdc9d9-ddb5-4fa4-a97d-d965ccfc6d4b" outcome="Passed" testListId="8c84fa94-04c1-424b-9868-57a2d4851a1d">
      <Output>
      </Output>
    </UnitTestResult>
    <UnitTestResult executionId="3f5fb1d1-1c06-43a7-a7cb-e1d924518e47" testId="2dcafd1a-ff65-48e2-075f-b3303e1d4d5c" testName="TestPopInt" computerName="RNDM-PC" duration="00:00:00.0003196" startTime="2014-07-31T19:32:49.9673979+12:00" endTime="2014-07-31T19:32:49.9683933+12:00" testType="13cdc9d9-ddb5-4fa4-a97d-d965ccfc6d4b" outcome="Passed" testListId="8c84fa94-04c1-424b-9868-57a2d4851a1d">
      <Output>
      </Output>
    </UnitTestResult>
    <UnitTestResult executionId="f14a3794-d702-4728-9c49-b6746f281f65" testId="5175cacb-7d6e-b4fb-ceb0-ab0ec9144512" testName="TestPeekChar" computerName="RNDM-PC" duration="00:00:00.0002394" startTime="2014-07-31T19:32:49.9683933+12:00" endTime="2014-07-31T19:32:49.9693981+12:00" testType="13cdc9d9-ddb5-4fa4-a97d-d965ccfc6d4b" outcome="Passed" testListId="8c84fa94-04c1-424b-9868-57a2d4851a1d">
      <Output>
      </Output>
    </UnitTestResult>
    <UnitTestResult executionId="3e4aa23c-9039-4462-8641-2f51d3ad1b08" testId="58be1d8d-2a83-88b5-a750-ffb624ed73da" testName="TestPushInt" computerName="RNDM-PC" duration="00:00:00.0002272" startTime="2014-07-31T19:32:49.9693981+12:00" endTime="2014-07-31T19:32:49.9703981+12:00" testType="13cdc9d9-ddb5-4fa4-a97d-d965ccfc6d4b" outcome="Passed" testListId="8c84fa94-04c1-424b-9868-57a2d4851a1d">
      <Output>
      </Output>
    </UnitTestResult>
    <UnitTestResult executionId="cd57488b-19ea-4e1c-b1f5-07df51a39b52" testId="64a138f5-10ca-e41d-bd03-de51f4c672a8" testName="TestPopEmptyQueue" computerName="RNDM-PC" duration="00:00:00.0002665" startTime="2014-07-31T19:32:49.9703981+12:00" endTime="2014-07-31T19:32:49.9713927+12:00" testType="13cdc9d9-ddb5-4fa4-a97d-d965ccfc6d4b" outcome="Passed" testListId="8c84fa94-04c1-424b-9868-57a2d4851a1d">
      <Output>
      </Output>
    </UnitTestResult>
    <UnitTestResult executionId="c5bd779b-a2be-4694-a02f-440020e25406" testId="73a2d7e4-79e2-9df1-b2b9-d29b68bfc94d" testName="TestPushChar" computerName="RNDM-PC" duration="00:00:00.0001407" startTime="2014-07-31T19:32:49.9713927+12:00" endTime="2014-07-31T19:32:49.9723976+12:00" testType="13cdc9d9-ddb5-4fa4-a97d-d965ccfc6d4b" outcome="Passed" testListId="8c84fa94-04c1-424b-9868-57a2d4851a1d">
      <Output>
      </Output>
    </UnitTestResult>
    <UnitTestResult executionId="bf506eec-3ee8-4bc4-ab95-bb9b45dc8d6f" testId="7626aa0b-cdf7-5eb5-2d7b-a6d0db790b30" testName="TestPeekEmptyStack" computerName="RNDM-PC" duration="00:00:00.0003425" startTime="2014-07-31T19:32:49.9723976+12:00" endTime="2014-07-31T19:32:49.9743937+12:00" testType="13cdc9d9-ddb5-4fa4-a97d-d965ccfc6d4b" outcome="Passed" testListId="8c84fa94-04c1-424b-9868-57a2d4851a1d">
      <Output>
      </Output>
    </UnitTestResult>
    <UnitTestResult executionId="b612cee0-9015-4cf0-b8c3-d5645d420923" testId="8599b3a5-2107-d57b-5c74-0248aeda468a" testName="TestCountInt" computerName="RNDM-PC" duration="00:00:00.0002436" startTime="2014-07-31T19:32:49.9743937+12:00" endTime="2014-07-31T19:32:49.9753930+12:00" testType="13cdc9d9-ddb5-4fa4-a97d-d965ccfc6d4b" outcome="Passed" testListId="8c84fa94-04c1-424b-9868-57a2d4851a1d">
      <Output>
      </Output>
    </UnitTestResult>
    <UnitTestResult executionId="5235767f-661b-47f2-ae3d-b56f74353bc5" testId="896ecce8-1a1b-117f-2b97-202ca471a898" testName="TestPeekInt" computerName="RNDM-PC" duration="00:00:00.0001938" startTime="2014-07-31T19:32:49.9753930+12:00" endTime="2014-07-31T19:32:49.9763932+12:00" testType="13cdc9d9-ddb5-4fa4-a97d-d965ccfc6d4b" outcome="Passed" testListId="8c84fa94-04c1-424b-9868-57a2d4851a1d">
      <Output>
      </Output>
    </UnitTestResult>
    <UnitTestResult executionId="ea73d0b6-36fe-4b3c-ac24-5b66afeada59" testId="9906b38d-d305-56a6-6e10-87218cbd04ea" testName="TestPeekEmptyQueue" computerName="RNDM-PC" duration="00:00:00.0002512" startTime="2014-07-31T19:32:49.9763932+12:00" endTime="2014-07-31T19:32:49.9773973+12:00" testType="13cdc9d9-ddb5-4fa4-a97d-d965ccfc6d4b" outcome="Passed" testListId="8c84fa94-04c1-424b-9868-57a2d4851a1d">
      <Output>
      </Output>
    </UnitTestResult>
    <UnitTestResult executionId="3e0f0ffb-4771-4081-a027-5c6e027229e1" testId="df445820-7665-d38d-2964-6a4f57a9e0ee" testName="TestCountChar" computerName="RNDM-PC" duration="00:00:00.0002494" startTime="2014-07-31T19:32:49.9773973+12:00" endTime="2014-07-31T19:32:49.9783936+12:00" testType="13cdc9d9-ddb5-4fa4-a97d-d965ccfc6d4b" outcome="Passed" testListId="8c84fa94-04c1-424b-9868-57a2d4851a1d">
      <Output>
      </Output>
    </UnitTestResult>
  </Results>
</TestRun>