<?xml version="1.0" encoding="UTF-8"?>
<TestRun id="f232baa6-d07e-4674-b759-ab69090bb1ab" name="rNdm@RNDM-PC 2014-08-03 11:20:02" runUser="RNDM-PC\rNdm" xmlns="http://microsoft.com/schemas/VisualStudio/TeamTest/2006">
  <TestRunConfiguration name="Local Test Run" id="2a058cb2-c568-4ca8-b65c-89cd87c22c94">
    <Description>This is a default test run configuration for a local test run.</Description>
    <Deployment runDeploymentRoot="C:\Users\rNdm\Documents\Work\ADS\charlal1_linear_data_structures\TestResults\rNdm_RNDM-PC 2014-08-03 11_20_02" />
    <TestTypeSpecific />
  </TestRunConfiguration>
  <ResultSummary outcome="Completed">
    <Counters total="1" executed="1" passed="1" error="0" failed="0" timeout="0" aborted="0" inconclusive="0" passedButRunAborted="0" notRunnable="0" notExecuted="0" disconnected="0" warning="0" completed="0" inProgress="0" pending="0" />
  </ResultSummary>
  <Times creation="2014-08-03T11:20:02.5036721+12:00" queuing="2014-08-03T11:20:02.7886974+12:00" start="2014-08-03T11:20:02.8767029+12:00" finish="2014-08-03T11:20:02.9997156+12:00" />
  <TestDefinitions>
    <UnitTest name="BalancedBracesParser_ParseTest" storage="c:\users\rndm\documents\work\ads\charlal1_linear_data_structures\debug\unittests.dll" id="a8f2a717-713c-d052-c092-b5d7c0a7cf45">
      <Css projectStructure="" iteration="" />
      <Owners>
        <Owner name="" />
      </Owners>
      <Execution id="1dece91b-704b-4ffe-9322-d2b2759dc927" />
      <TestMethod codeBase="c:\Users\rNdm\Documents\Work\ADS\charlal1_linear_data_structures\Debug\UnitTests.dll" adapterTypeName="Microsoft.VisualStudio.TestTools.TestTypes.Unit.UnitTestAdapter, Microsoft.VisualStudio.QualityTools.Tips.UnitTest.Adapter, Version=9.0.0.0, Culture=neutral, PublicKeyToken=b03f5f7f11d50a3a" className="UnitTests, UnitTests" name="BalancedBracesParser_ParseTest" />
    </UnitTest>
  </TestDefinitions>
  <TestLists>
    <TestList name="Results Not in a List" id="8c84fa94-04c1-424b-9868-57a2d4851a1d" />
    <TestList name="All Loaded Results" id="19431567-8539-422a-85d7-44ee4e166bda" />
  </TestLists>
  <TestEntries>
    <TestEntry testId="a8f2a717-713c-d052-c092-b5d7c0a7cf45" executionId="1dece91b-704b-4ffe-9322-d2b2759dc927" testListId="8c84fa94-04c1-424b-9868-57a2d4851a1d" />
  </TestEntries>
  <Results>
    <UnitTestResult executionId="1dece91b-704b-4ffe-9322-d2b2759dc927" testId="a8f2a717-713c-d052-c092-b5d7c0a7cf45" testName="BalancedBracesParser_ParseTest" computerName="RNDM-PC" duration="00:00:00.0063551" startTime="2014-08-03T11:20:02.9087082+12:00" endTime="2014-08-03T11:20:02.9787110+12:00" testType="13cdc9d9-ddb5-4fa4-a97d-d965ccfc6d4b" outcome="Passed" testListId="8c84fa94-04c1-424b-9868-57a2d4851a1d">
      <Output>
      </Output>
    </UnitTestResult>
  </Results>
</TestRun>